// Jest Snapshot v1, https://goo.gl/fbAQLP

exports[`Deployment should render the deployment 1`] = `
<li
  class="container success"
  data-status="success"
  data-testid="deployment"
  id="deployment-4b049de0-1ce0-4e81-8036-26b252e3285c"
>
  <time
    class="updatedAt"
    data-testid="deployment__updated-at"
    datetime="2024-03-17T08:50:14.973Z"
  >
    1/1/2024, 10:50:14 AM
  </time>
</li>
`;
